// Jest Snapshot v1, https://goo.gl/fbAQLP

exports[`Lambda@Edge Stack 1`] = `
Object {
  "Parameters": Object {
    "AssetParameters0ce55aab7c744398205526f2e99877244d34546802bccd843c7aee165c9bfc0dArtifactHashA4C080B8": Object {
      "Description": "Artifact hash for asset \\"0ce55aab7c744398205526f2e99877244d34546802bccd843c7aee165c9bfc0d\\"",
      "Type": "String",
    },
    "AssetParameters0ce55aab7c744398205526f2e99877244d34546802bccd843c7aee165c9bfc0dS3Bucket3E1E8576": Object {
      "Description": "S3 bucket for asset \\"0ce55aab7c744398205526f2e99877244d34546802bccd843c7aee165c9bfc0d\\"",
      "Type": "String",
    },
    "AssetParameters0ce55aab7c744398205526f2e99877244d34546802bccd843c7aee165c9bfc0dS3VersionKey77679149": Object {
      "Description": "S3 key for asset version \\"0ce55aab7c744398205526f2e99877244d34546802bccd843c7aee165c9bfc0d\\"",
      "Type": "String",
    },
    "AssetParameters1f7e277bd526ebce1983fa1e7a84a5281ec533d9187caaebb773681bbf7bf4c1ArtifactHash0128B949": Object {
      "Description": "Artifact hash for asset \\"1f7e277bd526ebce1983fa1e7a84a5281ec533d9187caaebb773681bbf7bf4c1\\"",
      "Type": "String",
    },
    "AssetParameters1f7e277bd526ebce1983fa1e7a84a5281ec533d9187caaebb773681bbf7bf4c1S3Bucket4842F32D": Object {
      "Description": "S3 bucket for asset \\"1f7e277bd526ebce1983fa1e7a84a5281ec533d9187caaebb773681bbf7bf4c1\\"",
      "Type": "String",
    },
    "AssetParameters1f7e277bd526ebce1983fa1e7a84a5281ec533d9187caaebb773681bbf7bf4c1S3VersionKeyD0A0B57A": Object {
      "Description": "S3 key for asset version \\"1f7e277bd526ebce1983fa1e7a84a5281ec533d9187caaebb773681bbf7bf4c1\\"",
      "Type": "String",
    },
    "AssetParametersa3058ccb468d757ebb89df5363a1c20f5307c6911136f29d00e1a68c9b2aa7e8ArtifactHash238275D6": Object {
      "Description": "Artifact hash for asset \\"a3058ccb468d757ebb89df5363a1c20f5307c6911136f29d00e1a68c9b2aa7e8\\"",
      "Type": "String",
    },
    "AssetParametersa3058ccb468d757ebb89df5363a1c20f5307c6911136f29d00e1a68c9b2aa7e8S3BucketD1AD544E": Object {
      "Description": "S3 bucket for asset \\"a3058ccb468d757ebb89df5363a1c20f5307c6911136f29d00e1a68c9b2aa7e8\\"",
      "Type": "String",
    },
    "AssetParametersa3058ccb468d757ebb89df5363a1c20f5307c6911136f29d00e1a68c9b2aa7e8S3VersionKey93A19D70": Object {
      "Description": "S3 key for asset version \\"a3058ccb468d757ebb89df5363a1c20f5307c6911136f29d00e1a68c9b2aa7e8\\"",
      "Type": "String",
    },
    "AssetParametersb120b13d9d868c7622e7db1b68bae4c0f82ffd0227b8c15f2cef38e186ff3827ArtifactHash1355580A": Object {
      "Description": "Artifact hash for asset \\"b120b13d9d868c7622e7db1b68bae4c0f82ffd0227b8c15f2cef38e186ff3827\\"",
      "Type": "String",
    },
    "AssetParametersb120b13d9d868c7622e7db1b68bae4c0f82ffd0227b8c15f2cef38e186ff3827S3Bucket2070BA0A": Object {
      "Description": "S3 bucket for asset \\"b120b13d9d868c7622e7db1b68bae4c0f82ffd0227b8c15f2cef38e186ff3827\\"",
      "Type": "String",
    },
    "AssetParametersb120b13d9d868c7622e7db1b68bae4c0f82ffd0227b8c15f2cef38e186ff3827S3VersionKeyB95D17C3": Object {
      "Description": "S3 key for asset version \\"b120b13d9d868c7622e7db1b68bae4c0f82ffd0227b8c15f2cef38e186ff3827\\"",
      "Type": "String",
    },
    "AssetParametersc8804a297b8a8f97ee2f75ce6368d8c95236d9ac83fa9d16cbcfb2af73c85a24ArtifactHash8B7CD386": Object {
      "Description": "Artifact hash for asset \\"c8804a297b8a8f97ee2f75ce6368d8c95236d9ac83fa9d16cbcfb2af73c85a24\\"",
      "Type": "String",
    },
    "AssetParametersc8804a297b8a8f97ee2f75ce6368d8c95236d9ac83fa9d16cbcfb2af73c85a24S3BucketCADE40C1": Object {
      "Description": "S3 bucket for asset \\"c8804a297b8a8f97ee2f75ce6368d8c95236d9ac83fa9d16cbcfb2af73c85a24\\"",
      "Type": "String",
    },
    "AssetParametersc8804a297b8a8f97ee2f75ce6368d8c95236d9ac83fa9d16cbcfb2af73c85a24S3VersionKey074231A7": Object {
      "Description": "S3 key for asset version \\"c8804a297b8a8f97ee2f75ce6368d8c95236d9ac83fa9d16cbcfb2af73c85a24\\"",
      "Type": "String",
    },
    "AssetParameterse9882ab123687399f934da0d45effe675ecc8ce13b40cb946f3e1d6141fe8d68ArtifactHashD9A515C3": Object {
      "Description": "Artifact hash for asset \\"e9882ab123687399f934da0d45effe675ecc8ce13b40cb946f3e1d6141fe8d68\\"",
      "Type": "String",
    },
    "AssetParameterse9882ab123687399f934da0d45effe675ecc8ce13b40cb946f3e1d6141fe8d68S3BucketAEADE8C7": Object {
      "Description": "S3 bucket for asset \\"e9882ab123687399f934da0d45effe675ecc8ce13b40cb946f3e1d6141fe8d68\\"",
      "Type": "String",
    },
    "AssetParameterse9882ab123687399f934da0d45effe675ecc8ce13b40cb946f3e1d6141fe8d68S3VersionKeyE415415F": Object {
      "Description": "S3 key for asset version \\"e9882ab123687399f934da0d45effe675ecc8ce13b40cb946f3e1d6141fe8d68\\"",
      "Type": "String",
    },
    "AssetParametersf68f3539b8c7cbc68bf0d8379d41a78f53f6c0a09b3dd7db74da04018cefd5f4ArtifactHash64C12CD0": Object {
      "Description": "Artifact hash for asset \\"f68f3539b8c7cbc68bf0d8379d41a78f53f6c0a09b3dd7db74da04018cefd5f4\\"",
      "Type": "String",
    },
    "AssetParametersf68f3539b8c7cbc68bf0d8379d41a78f53f6c0a09b3dd7db74da04018cefd5f4S3Bucket62FBDB8B": Object {
      "Description": "S3 bucket for asset \\"f68f3539b8c7cbc68bf0d8379d41a78f53f6c0a09b3dd7db74da04018cefd5f4\\"",
      "Type": "String",
    },
    "AssetParametersf68f3539b8c7cbc68bf0d8379d41a78f53f6c0a09b3dd7db74da04018cefd5f4S3VersionKeyEE0F9F61": Object {
      "Description": "S3 key for asset version \\"f68f3539b8c7cbc68bf0d8379d41a78f53f6c0a09b3dd7db74da04018cefd5f4\\"",
      "Type": "String",
    },
  },
  "Resources": Object {
    "CustomCDKBucketDeployment8693BB64968944B69AAFB0CC9EB8756C81C01536": Object {
      "DependsOn": Array [
        "CustomCDKBucketDeployment8693BB64968944B69AAFB0CC9EB8756CServiceRoleDefaultPolicy88902FDF",
        "CustomCDKBucketDeployment8693BB64968944B69AAFB0CC9EB8756CServiceRole89A01265",
      ],
      "Properties": Object {
        "Code": Object {
          "S3Bucket": Object {
            "Ref": "AssetParametersa3058ccb468d757ebb89df5363a1c20f5307c6911136f29d00e1a68c9b2aa7e8S3BucketD1AD544E",
          },
          "S3Key": Object {
            "Fn::Join": Array [
              "",
              Array [
                Object {
                  "Fn::Select": Array [
                    0,
                    Object {
                      "Fn::Split": Array [
                        "||",
                        Object {
                          "Ref": "AssetParametersa3058ccb468d757ebb89df5363a1c20f5307c6911136f29d00e1a68c9b2aa7e8S3VersionKey93A19D70",
                        },
                      ],
                    },
                  ],
                },
                Object {
                  "Fn::Select": Array [
                    1,
                    Object {
                      "Fn::Split": Array [
                        "||",
                        Object {
                          "Ref": "AssetParametersa3058ccb468d757ebb89df5363a1c20f5307c6911136f29d00e1a68c9b2aa7e8S3VersionKey93A19D70",
                        },
                      ],
                    },
                  ],
                },
              ],
            ],
          },
        },
        "Handler": "index.handler",
        "Layers": Array [
          Object {
            "Ref": "testedgeconstructAssetDeploymentBuildIDAwsCliLayer24733DA9",
          },
        ],
        "Role": Object {
          "Fn::GetAtt": Array [
            "CustomCDKBucketDeployment8693BB64968944B69AAFB0CC9EB8756CServiceRole89A01265",
            "Arn",
          ],
        },
        "Runtime": "python3.7",
        "Timeout": 900,
      },
      "Type": "AWS::Lambda::Function",
    },
    "CustomCDKBucketDeployment8693BB64968944B69AAFB0CC9EB8756CServiceRole89A01265": Object {
      "Properties": Object {
        "AssumeRolePolicyDocument": Object {
          "Statement": Array [
            Object {
              "Action": "sts:AssumeRole",
              "Effect": "Allow",
              "Principal": Object {
                "Service": "lambda.amazonaws.com",
              },
            },
          ],
          "Version": "2012-10-17",
        },
        "ManagedPolicyArns": Array [
          Object {
            "Fn::Join": Array [
              "",
              Array [
                "arn:",
                Object {
                  "Ref": "AWS::Partition",
                },
                ":iam::aws:policy/service-role/AWSLambdaBasicExecutionRole",
              ],
            ],
          },
        ],
      },
      "Type": "AWS::IAM::Role",
    },
    "CustomCDKBucketDeployment8693BB64968944B69AAFB0CC9EB8756CServiceRoleDefaultPolicy88902FDF": Object {
      "Properties": Object {
        "PolicyDocument": Object {
          "Statement": Array [
            Object {
              "Action": Array [
                "s3:GetObject*",
                "s3:GetBucket*",
                "s3:List*",
              ],
              "Effect": "Allow",
              "Resource": Array [
                Object {
                  "Fn::Join": Array [
                    "",
                    Array [
                      "arn:",
                      Object {
                        "Ref": "AWS::Partition",
                      },
                      ":s3:::",
                      Object {
                        "Ref": "AssetParametersc8804a297b8a8f97ee2f75ce6368d8c95236d9ac83fa9d16cbcfb2af73c85a24S3BucketCADE40C1",
                      },
                    ],
                  ],
                },
                Object {
                  "Fn::Join": Array [
                    "",
                    Array [
                      "arn:",
                      Object {
                        "Ref": "AWS::Partition",
                      },
                      ":s3:::",
                      Object {
                        "Ref": "AssetParametersc8804a297b8a8f97ee2f75ce6368d8c95236d9ac83fa9d16cbcfb2af73c85a24S3BucketCADE40C1",
                      },
                      "/*",
                    ],
                  ],
                },
              ],
            },
            Object {
              "Action": Array [
                "s3:GetObject*",
                "s3:GetBucket*",
                "s3:List*",
                "s3:DeleteObject*",
                "s3:PutObject*",
                "s3:Abort*",
              ],
              "Effect": "Allow",
              "Resource": Array [
                Object {
                  "Fn::GetAtt": Array [
                    "publicassetstestedgeconstruct0CB03104",
                    "Arn",
                  ],
                },
                Object {
                  "Fn::Join": Array [
                    "",
                    Array [
                      Object {
                        "Fn::GetAtt": Array [
                          "publicassetstestedgeconstruct0CB03104",
                          "Arn",
                        ],
                      },
                      "/*",
                    ],
                  ],
                },
              ],
            },
            Object {
              "Action": Array [
                "cloudfront:GetInvalidation",
                "cloudfront:CreateInvalidation",
              ],
              "Effect": "Allow",
              "Resource": "*",
            },
          ],
          "Version": "2012-10-17",
        },
        "PolicyName": "CustomCDKBucketDeployment8693BB64968944B69AAFB0CC9EB8756CServiceRoleDefaultPolicy88902FDF",
        "Roles": Array [
          Object {
            "Ref": "CustomCDKBucketDeployment8693BB64968944B69AAFB0CC9EB8756CServiceRole89A01265",
          },
        ],
      },
      "Type": "AWS::IAM::Policy",
    },
    "CustomS3AutoDeleteObjectsCustomResourceProviderHandler9D90184F": Object {
      "DependsOn": Array [
        "CustomS3AutoDeleteObjectsCustomResourceProviderRole3B1BD092",
      ],
      "Properties": Object {
        "Code": Object {
          "S3Bucket": Object {
            "Ref": "AssetParameters1f7e277bd526ebce1983fa1e7a84a5281ec533d9187caaebb773681bbf7bf4c1S3Bucket4842F32D",
          },
          "S3Key": Object {
            "Fn::Join": Array [
              "",
              Array [
                Object {
                  "Fn::Select": Array [
                    0,
                    Object {
                      "Fn::Split": Array [
                        "||",
                        Object {
                          "Ref": "AssetParameters1f7e277bd526ebce1983fa1e7a84a5281ec533d9187caaebb773681bbf7bf4c1S3VersionKeyD0A0B57A",
                        },
                      ],
                    },
                  ],
                },
                Object {
                  "Fn::Select": Array [
                    1,
                    Object {
                      "Fn::Split": Array [
                        "||",
                        Object {
                          "Ref": "AssetParameters1f7e277bd526ebce1983fa1e7a84a5281ec533d9187caaebb773681bbf7bf4c1S3VersionKeyD0A0B57A",
                        },
                      ],
                    },
                  ],
                },
              ],
            ],
          },
        },
        "Description": Object {
          "Fn::Join": Array [
            "",
            Array [
              "Lambda function for auto-deleting objects in ",
              Object {
                "Ref": "publicassetstestedgeconstruct0CB03104",
              },
              " S3 bucket.",
            ],
          ],
        },
        "Handler": "__entrypoint__.handler",
        "MemorySize": 128,
        "Role": Object {
          "Fn::GetAtt": Array [
            "CustomS3AutoDeleteObjectsCustomResourceProviderRole3B1BD092",
            "Arn",
          ],
        },
        "Runtime": "nodejs12.x",
        "Timeout": 900,
      },
      "Type": "AWS::Lambda::Function",
    },
    "CustomS3AutoDeleteObjectsCustomResourceProviderRole3B1BD092": Object {
      "Properties": Object {
        "AssumeRolePolicyDocument": Object {
          "Statement": Array [
            Object {
              "Action": "sts:AssumeRole",
              "Effect": "Allow",
              "Principal": Object {
                "Service": "lambda.amazonaws.com",
              },
            },
          ],
          "Version": "2012-10-17",
        },
        "ManagedPolicyArns": Array [
          Object {
            "Fn::Sub": "arn:\${AWS::Partition}:iam::aws:policy/service-role/AWSLambdaBasicExecutionRole",
          },
        ],
      },
      "Type": "AWS::IAM::Role",
    },
    "LogRetentionaae0aa3c5b4d4f87b02d85b201efdd8aFD4BFC8A": Object {
      "DependsOn": Array [
        "LogRetentionaae0aa3c5b4d4f87b02d85b201efdd8aServiceRoleDefaultPolicyADDA7DEB",
        "LogRetentionaae0aa3c5b4d4f87b02d85b201efdd8aServiceRole9741ECFB",
      ],
      "Properties": Object {
        "Code": Object {
          "S3Bucket": Object {
            "Ref": "AssetParametersb120b13d9d868c7622e7db1b68bae4c0f82ffd0227b8c15f2cef38e186ff3827S3Bucket2070BA0A",
          },
          "S3Key": Object {
            "Fn::Join": Array [
              "",
              Array [
                Object {
                  "Fn::Select": Array [
                    0,
                    Object {
                      "Fn::Split": Array [
                        "||",
                        Object {
                          "Ref": "AssetParametersb120b13d9d868c7622e7db1b68bae4c0f82ffd0227b8c15f2cef38e186ff3827S3VersionKeyB95D17C3",
                        },
                      ],
                    },
                  ],
                },
                Object {
                  "Fn::Select": Array [
                    1,
                    Object {
                      "Fn::Split": Array [
                        "||",
                        Object {
                          "Ref": "AssetParametersb120b13d9d868c7622e7db1b68bae4c0f82ffd0227b8c15f2cef38e186ff3827S3VersionKeyB95D17C3",
                        },
                      ],
                    },
                  ],
                },
              ],
            ],
          },
        },
        "Handler": "index.handler",
        "Role": Object {
          "Fn::GetAtt": Array [
            "LogRetentionaae0aa3c5b4d4f87b02d85b201efdd8aServiceRole9741ECFB",
            "Arn",
          ],
        },
        "Runtime": "nodejs14.x",
      },
      "Type": "AWS::Lambda::Function",
    },
    "LogRetentionaae0aa3c5b4d4f87b02d85b201efdd8aServiceRole9741ECFB": Object {
      "Properties": Object {
        "AssumeRolePolicyDocument": Object {
          "Statement": Array [
            Object {
              "Action": "sts:AssumeRole",
              "Effect": "Allow",
              "Principal": Object {
                "Service": "lambda.amazonaws.com",
              },
            },
          ],
          "Version": "2012-10-17",
        },
        "ManagedPolicyArns": Array [
          Object {
            "Fn::Join": Array [
              "",
              Array [
                "arn:",
                Object {
                  "Ref": "AWS::Partition",
                },
                ":iam::aws:policy/service-role/AWSLambdaBasicExecutionRole",
              ],
            ],
          },
        ],
      },
      "Type": "AWS::IAM::Role",
    },
    "LogRetentionaae0aa3c5b4d4f87b02d85b201efdd8aServiceRoleDefaultPolicyADDA7DEB": Object {
      "Properties": Object {
        "PolicyDocument": Object {
          "Statement": Array [
            Object {
              "Action": Array [
                "logs:PutRetentionPolicy",
                "logs:DeleteRetentionPolicy",
              ],
              "Effect": "Allow",
              "Resource": "*",
            },
          ],
          "Version": "2012-10-17",
        },
        "PolicyName": "LogRetentionaae0aa3c5b4d4f87b02d85b201efdd8aServiceRoleDefaultPolicyADDA7DEB",
        "Roles": Array [
          Object {
            "Ref": "LogRetentionaae0aa3c5b4d4f87b02d85b201efdd8aServiceRole9741ECFB",
          },
        ],
      },
      "Type": "AWS::IAM::Policy",
    },
    "publicassetstestedgeconstruct0CB03104": Object {
      "DeletionPolicy": "Delete",
      "Properties": Object {
        "Tags": Array [
          Object {
            "Key": "aws-cdk:auto-delete-objects",
            "Value": "true",
          },
        ],
      },
      "Type": "AWS::S3::Bucket",
      "UpdateReplacePolicy": "Delete",
    },
    "publicassetstestedgeconstructAutoDeleteObjectsCustomResourceA218DDAF": Object {
      "DeletionPolicy": "Delete",
      "DependsOn": Array [
        "publicassetstestedgeconstructPolicy538C57B5",
      ],
      "Properties": Object {
        "BucketName": Object {
          "Ref": "publicassetstestedgeconstruct0CB03104",
        },
        "ServiceToken": Object {
          "Fn::GetAtt": Array [
            "CustomS3AutoDeleteObjectsCustomResourceProviderHandler9D90184F",
            "Arn",
          ],
        },
      },
      "Type": "Custom::S3AutoDeleteObjects",
      "UpdateReplacePolicy": "Delete",
    },
    "publicassetstestedgeconstructPolicy538C57B5": Object {
      "Properties": Object {
        "Bucket": Object {
          "Ref": "publicassetstestedgeconstruct0CB03104",
        },
        "PolicyDocument": Object {
          "Statement": Array [
            Object {
              "Action": Array [
                "s3:GetBucket*",
                "s3:List*",
                "s3:DeleteObject*",
              ],
              "Effect": "Allow",
              "Principal": Object {
                "AWS": Object {
                  "Fn::GetAtt": Array [
                    "CustomS3AutoDeleteObjectsCustomResourceProviderRole3B1BD092",
                    "Arn",
                  ],
                },
              },
              "Resource": Array [
                Object {
                  "Fn::GetAtt": Array [
                    "publicassetstestedgeconstruct0CB03104",
                    "Arn",
                  ],
                },
                Object {
                  "Fn::Join": Array [
                    "",
                    Array [
                      Object {
                        "Fn::GetAtt": Array [
                          "publicassetstestedgeconstruct0CB03104",
                          "Arn",
                        ],
                      },
                      "/*",
                    ],
                  ],
                },
              ],
            },
            Object {
              "Action": Array [
                "s3:GetObject*",
                "s3:GetBucket*",
                "s3:List*",
              ],
              "Effect": "Allow",
              "Principal": Object {
                "CanonicalUser": Object {
                  "Fn::GetAtt": Array [
                    "testedgeconstructcdnbucketreadC13AE162",
                    "S3CanonicalUserId",
                  ],
                },
              },
              "Resource": Array [
                Object {
                  "Fn::GetAtt": Array [
                    "publicassetstestedgeconstruct0CB03104",
                    "Arn",
                  ],
                },
                Object {
                  "Fn::Join": Array [
                    "",
                    Array [
                      Object {
                        "Fn::GetAtt": Array [
                          "publicassetstestedgeconstruct0CB03104",
                          "Arn",
                        ],
                      },
                      "/*",
                    ],
                  ],
                },
              ],
            },
            Object {
              "Action": "s3:GetObject",
              "Effect": "Allow",
              "Principal": Object {
                "CanonicalUser": Object {
                  "Fn::GetAtt": Array [
                    "testedgeconstructnextdistributiontestedgeconstructOrigin1S3Origin83D76C99",
                    "S3CanonicalUserId",
                  ],
                },
              },
              "Resource": Object {
                "Fn::Join": Array [
                  "",
                  Array [
                    Object {
                      "Fn::GetAtt": Array [
                        "publicassetstestedgeconstruct0CB03104",
                        "Arn",
                      ],
                    },
                    "/*",
                  ],
                ],
              },
            },
          ],
          "Version": "2012-10-17",
        },
      },
      "Type": "AWS::S3::BucketPolicy",
    },
    "testedgeconstructAssetDeploymentBuildIDAwsCliLayer24733DA9": Object {
      "Properties": Object {
        "Content": Object {
          "S3Bucket": Object {
            "Ref": "AssetParameterse9882ab123687399f934da0d45effe675ecc8ce13b40cb946f3e1d6141fe8d68S3BucketAEADE8C7",
          },
          "S3Key": Object {
            "Fn::Join": Array [
              "",
              Array [
                Object {
                  "Fn::Select": Array [
                    0,
                    Object {
                      "Fn::Split": Array [
                        "||",
                        Object {
                          "Ref": "AssetParameterse9882ab123687399f934da0d45effe675ecc8ce13b40cb946f3e1d6141fe8d68S3VersionKeyE415415F",
                        },
                      ],
                    },
                  ],
                },
                Object {
                  "Fn::Select": Array [
                    1,
                    Object {
                      "Fn::Split": Array [
                        "||",
                        Object {
                          "Ref": "AssetParameterse9882ab123687399f934da0d45effe675ecc8ce13b40cb946f3e1d6141fe8d68S3VersionKeyE415415F",
                        },
                      ],
                    },
                  ],
                },
              ],
            ],
          },
        },
        "Description": "/opt/awscli/aws",
      },
      "Type": "AWS::Lambda::LayerVersion",
    },
    "testedgeconstructAssetDeploymentBuildIDCustomResource28D75AF0": Object {
      "DeletionPolicy": "Delete",
      "Properties": Object {
        "DestinationBucketKeyPrefix": "/BUILD_ID",
        "DestinationBucketName": Object {
          "Ref": "publicassetstestedgeconstruct0CB03104",
        },
        "DistributionId": Object {
          "Ref": "testedgeconstructnextdistributiontestedgeconstructF80F5AFE",
        },
        "DistributionPaths": Array [
          "/*",
        ],
        "Prune": true,
        "ServiceToken": Object {
          "Fn::GetAtt": Array [
            "CustomCDKBucketDeployment8693BB64968944B69AAFB0CC9EB8756C81C01536",
            "Arn",
          ],
        },
        "SourceBucketNames": Array [
          Object {
            "Ref": "AssetParametersc8804a297b8a8f97ee2f75ce6368d8c95236d9ac83fa9d16cbcfb2af73c85a24S3BucketCADE40C1",
          },
        ],
        "SourceObjectKeys": Array [
          Object {
            "Fn::Join": Array [
              "",
              Array [
                Object {
                  "Fn::Select": Array [
                    0,
                    Object {
                      "Fn::Split": Array [
                        "||",
                        Object {
                          "Ref": "AssetParametersc8804a297b8a8f97ee2f75ce6368d8c95236d9ac83fa9d16cbcfb2af73c85a24S3VersionKey074231A7",
                        },
                      ],
                    },
                  ],
                },
                Object {
                  "Fn::Select": Array [
                    1,
                    Object {
                      "Fn::Split": Array [
                        "||",
                        Object {
                          "Ref": "AssetParametersc8804a297b8a8f97ee2f75ce6368d8c95236d9ac83fa9d16cbcfb2af73c85a24S3VersionKey074231A7",
                        },
                      ],
                    },
                  ],
                },
              ],
            ],
          },
        ],
      },
      "Type": "Custom::CDKBucketDeployment",
      "UpdateReplacePolicy": "Delete",
    },
    "testedgeconstructcdnbucketreadC13AE162": Object {
      "Properties": Object {
        "CloudFrontOriginAccessIdentityConfig": Object {
          "Comment": "Allows CloudFront to reach the bucket",
        },
      },
      "Type": "AWS::CloudFront::CloudFrontOriginAccessIdentity",
    },
    "testedgeconstructdefaultedgelambdatestedgeconstructA7E9BA1F": Object {
      "DependsOn": Array [
        "testedgeconstructnextlambdaroletestedgeconstructDefaultPolicy6273C547",
        "testedgeconstructnextlambdaroletestedgeconstructEFD49724",
      ],
      "Properties": Object {
        "Code": Object {
          "S3Bucket": Object {
            "Ref": "AssetParametersf68f3539b8c7cbc68bf0d8379d41a78f53f6c0a09b3dd7db74da04018cefd5f4S3Bucket62FBDB8B",
          },
          "S3Key": Object {
            "Fn::Join": Array [
              "",
              Array [
                Object {
                  "Fn::Select": Array [
                    0,
                    Object {
                      "Fn::Split": Array [
                        "||",
                        Object {
                          "Ref": "AssetParametersf68f3539b8c7cbc68bf0d8379d41a78f53f6c0a09b3dd7db74da04018cefd5f4S3VersionKeyEE0F9F61",
                        },
                      ],
                    },
                  ],
                },
                Object {
                  "Fn::Select": Array [
                    1,
                    Object {
                      "Fn::Split": Array [
                        "||",
                        Object {
                          "Ref": "AssetParametersf68f3539b8c7cbc68bf0d8379d41a78f53f6c0a09b3dd7db74da04018cefd5f4S3VersionKeyEE0F9F61",
                        },
                      ],
                    },
                  ],
                },
              ],
            ],
          },
        },
        "Description": "handles all server-side reqs for nextjs",
        "FunctionName": "default-edge-lambda-test-edge-construct",
        "Handler": "index.handler",
        "MemorySize": 512,
        "Role": Object {
          "Fn::GetAtt": Array [
            "testedgeconstructnextlambdaroletestedgeconstructEFD49724",
            "Arn",
          ],
        },
        "Runtime": "nodejs14.x",
        "Timeout": 10,
      },
      "Type": "AWS::Lambda::Function",
    },
    "testedgeconstructdefaultedgelambdatestedgeconstructCurrentVersion3C45AD489a5ebf1225c0145c0d58ad3c576dbcae": Object {
      "DeletionPolicy": "Delete",
      "Properties": Object {
        "FunctionName": Object {
          "Ref": "testedgeconstructdefaultedgelambdatestedgeconstructA7E9BA1F",
        },
      },
      "Type": "AWS::Lambda::Version",
      "UpdateReplacePolicy": "Delete",
    },
    "testedgeconstructdefaultedgelambdatestedgeconstructCurrentVersionAliaslive08671766": Object {
      "Properties": Object {
        "FunctionName": Object {
          "Ref": "testedgeconstructdefaultedgelambdatestedgeconstructA7E9BA1F",
        },
        "FunctionVersion": Object {
          "Fn::GetAtt": Array [
            "testedgeconstructdefaultedgelambdatestedgeconstructCurrentVersion3C45AD489a5ebf1225c0145c0d58ad3c576dbcae",
            "Version",
          ],
        },
        "Name": "live",
      },
      "Type": "AWS::Lambda::Alias",
    },
    "testedgeconstructdefaultedgelambdatestedgeconstructLogRetention8A15FCB9": Object {
      "Properties": Object {
        "LogGroupName": Object {
          "Fn::Join": Array [
            "",
            Array [
              "/aws/lambda/",
              Object {
                "Ref": "testedgeconstructdefaultedgelambdatestedgeconstructA7E9BA1F",
              },
            ],
          ],
        },
        "RetentionInDays": 3,
        "ServiceToken": Object {
          "Fn::GetAtt": Array [
            "LogRetentionaae0aa3c5b4d4f87b02d85b201efdd8aFD4BFC8A",
            "Arn",
          ],
        },
      },
      "Type": "Custom::LogRetention",
    },
    "testedgeconstructnextdistributiontestedgeconstructF80F5AFE": Object {
      "Properties": Object {
        "DistributionConfig": Object {
          "CacheBehaviors": Array [
            Object {
              "AllowedMethods": Array [
                "GET",
                "HEAD",
                "OPTIONS",
              ],
              "CachePolicyId": Object {
                "Ref": "testedgeconstructnextstaticscachetestedgeconstruct53CCFFF8",
              },
              "CachedMethods": Array [
                "GET",
                "HEAD",
                "OPTIONS",
              ],
              "Compress": true,
              "PathPattern": "manual-testing-edge/_next/static/*",
              "TargetOriginId": "testedgeconstructnextdistributiontestedgeconstructOrigin175CE060A",
              "ViewerProtocolPolicy": "redirect-to-https",
            },
            Object {
              "AllowedMethods": Array [
                "GET",
                "HEAD",
                "OPTIONS",
              ],
              "CachePolicyId": Object {
                "Ref": "testedgeconstructnextstaticscachetestedgeconstruct53CCFFF8",
              },
              "CachedMethods": Array [
                "GET",
                "HEAD",
                "OPTIONS",
              ],
              "Compress": true,
              "PathPattern": "manual-testing-edge/static/*",
              "TargetOriginId": "testedgeconstructnextdistributiontestedgeconstructOrigin175CE060A",
              "ViewerProtocolPolicy": "redirect-to-https",
            },
          ],
          "DefaultCacheBehavior": Object {
            "CachePolicyId": Object {
              "Ref": "testedgeconstructnextlambdacachetestedgeconstruct14A2AD2C",
            },
            "Compress": true,
            "LambdaFunctionAssociations": Array [
              Object {
                "EventType": "origin-request",
                "LambdaFunctionARN": Object {
                  "Ref": "testedgeconstructdefaultedgelambdatestedgeconstructCurrentVersion3C45AD489a5ebf1225c0145c0d58ad3c576dbcae",
                },
              },
            ],
            "TargetOriginId": "testedgeconstructnextdistributiontestedgeconstructOrigin175CE060A",
            "ViewerProtocolPolicy": "allow-all",
          },
          "DefaultRootObject": "",
          "Enabled": true,
          "HttpVersion": "http2",
          "IPV6Enabled": true,
          "Origins": Array [
            Object {
              "DomainName": Object {
                "Fn::GetAtt": Array [
                  "publicassetstestedgeconstruct0CB03104",
                  "RegionalDomainName",
                ],
              },
              "Id": "testedgeconstructnextdistributiontestedgeconstructOrigin175CE060A",
              "OriginCustomHeaders": Array [
                Object {
                  "HeaderName": "x-nextjs-cdk-s3-bucket",
                  "HeaderValue": Object {
                    "Ref": "publicassetstestedgeconstruct0CB03104",
                  },
                },
                Object {
                  "HeaderName": "x-nextjs-cdk-region",
                  "HeaderValue": "us-east-1",
                },
              ],
              "S3OriginConfig": Object {
                "OriginAccessIdentity": Object {
                  "Fn::Join": Array [
                    "",
                    Array [
                      "origin-access-identity/cloudfront/",
                      Object {
                        "Ref": "testedgeconstructnextdistributiontestedgeconstructOrigin1S3Origin83D76C99",
                      },
                    ],
                  ],
                },
              },
            },
          ],
        },
      },
      "Type": "AWS::CloudFront::Distribution",
    },
    "testedgeconstructnextdistributiontestedgeconstructOrigin1S3Origin83D76C99": Object {
      "Properties": Object {
        "CloudFrontOriginAccessIdentityConfig": Object {
          "Comment": "Identity for testedgeconstructnextdistributiontestedgeconstructOrigin175CE060A",
        },
      },
      "Type": "AWS::CloudFront::CloudFrontOriginAccessIdentity",
    },
    "testedgeconstructnextimagecachetestedgeconstructE6CDDF16": Object {
      "Properties": Object {
        "CachePolicyConfig": Object {
          "DefaultTTL": 86400,
          "MaxTTL": 31536000,
          "MinTTL": 0,
          "Name": "next-image-cache-test-edge-construct",
          "ParametersInCacheKeyAndForwardedToOrigin": Object {
            "CookiesConfig": Object {
              "CookieBehavior": "none",
            },
            "EnableAcceptEncodingBrotli": true,
            "EnableAcceptEncodingGzip": true,
            "HeadersConfig": Object {
              "HeaderBehavior": "whitelist",
              "Headers": Array [
                "Accept",
              ],
            },
            "QueryStringsConfig": Object {
              "QueryStringBehavior": "all",
            },
          },
        },
      },
      "Type": "AWS::CloudFront::CachePolicy",
    },
    "testedgeconstructnextlambdacachetestedgeconstruct14A2AD2C": Object {
      "Properties": Object {
        "CachePolicyConfig": Object {
          "DefaultTTL": 0,
          "MaxTTL": 31536000,
          "MinTTL": 0,
          "Name": "next-lambda-cache-test-edge-construct",
          "ParametersInCacheKeyAndForwardedToOrigin": Object {
            "CookiesConfig": Object {
              "CookieBehavior": "all",
            },
            "EnableAcceptEncodingBrotli": true,
            "EnableAcceptEncodingGzip": true,
            "HeadersConfig": Object {
              "HeaderBehavior": "whitelist",
              "Headers": Array [
                "authorization",
              ],
            },
            "QueryStringsConfig": Object {
              "QueryStringBehavior": "all",
            },
          },
        },
      },
      "Type": "AWS::CloudFront::CachePolicy",
    },
    "testedgeconstructnextlambdaroletestedgeconstructDefaultPolicy6273C547": Object {
      "Properties": Object {
        "PolicyDocument": Object {
          "Statement": Array [
            Object {
              "Action": Array [
                "s3:GetObject*",
                "s3:GetBucket*",
                "s3:List*",
                "s3:DeleteObject*",
                "s3:PutObject*",
                "s3:Abort*",
              ],
              "Effect": "Allow",
              "Resource": Array [
                Object {
                  "Fn::GetAtt": Array [
                    "publicassetstestedgeconstruct0CB03104",
                    "Arn",
                  ],
                },
                Object {
                  "Fn::Join": Array [
                    "",
                    Array [
                      Object {
                        "Fn::GetAtt": Array [
                          "publicassetstestedgeconstruct0CB03104",
                          "Arn",
                        ],
                      },
                      "/*",
                    ],
                  ],
                },
              ],
            },
            Object {
              "Action": Array [
                "sqs:SendMessage",
                "sqs:GetQueueAttributes",
                "sqs:GetQueueUrl",
              ],
              "Effect": "Allow",
              "Resource": Object {
                "Fn::GetAtt": Array [
                  "testedgeconstructregenerationedgequeuetestedgeconstruct66354220",
                  "Arn",
                ],
              },
            },
            Object {
              "Action": "lambda:InvokeFunction",
              "Effect": "Allow",
              "Resource": Object {
                "Fn::GetAtt": Array [
                  "testedgeconstructregenerationedgelambdatestedgeconstruct659F82FF",
                  "Arn",
                ],
              },
            },
          ],
          "Version": "2012-10-17",
        },
        "PolicyName": "testedgeconstructnextlambdaroletestedgeconstructDefaultPolicy6273C547",
        "Roles": Array [
          Object {
            "Ref": "testedgeconstructnextlambdaroletestedgeconstructEFD49724",
          },
        ],
      },
      "Type": "AWS::IAM::Policy",
    },
    "testedgeconstructnextlambdaroletestedgeconstructEFD49724": Object {
      "Properties": Object {
        "AssumeRolePolicyDocument": Object {
          "Statement": Array [
            Object {
              "Action": "sts:AssumeRole",
              "Effect": "Allow",
              "Principal": Object {
                "Service": Array [
                  "lambda.amazonaws.com",
                  "edgelambda.amazonaws.com",
                ],
              },
            },
            Object {
              "Action": "sts:AssumeRole",
              "Effect": "Allow",
              "Principal": Object {
                "Service": "edgelambda.amazonaws.com",
              },
            },
          ],
          "Version": "2012-10-17",
        },
      },
      "Type": "AWS::IAM::Role",
    },
    "testedgeconstructnextstaticscachetestedgeconstruct53CCFFF8": Object {
      "Properties": Object {
        "CachePolicyConfig": Object {
          "DefaultTTL": 2592000,
          "MaxTTL": 2592000,
          "MinTTL": 2592000,
          "Name": "next-statics-cache-test-edge-construct",
          "ParametersInCacheKeyAndForwardedToOrigin": Object {
            "CookiesConfig": Object {
              "CookieBehavior": "none",
            },
            "EnableAcceptEncodingBrotli": true,
            "EnableAcceptEncodingGzip": true,
            "HeadersConfig": Object {
              "HeaderBehavior": "none",
            },
            "QueryStringsConfig": Object {
              "QueryStringBehavior": "none",
            },
          },
        },
      },
      "Type": "AWS::CloudFront::CachePolicy",
    },
    "testedgeconstructregenerationedgelambdatestedgeconstruct659F82FF": Object {
      "DependsOn": Array [
        "testedgeconstructregenerationedgelambdatestedgeconstructServiceRoleDefaultPolicy3EEC4139",
        "testedgeconstructregenerationedgelambdatestedgeconstructServiceRole67BD3B00",
      ],
      "Properties": Object {
        "Code": Object {
          "S3Bucket": Object {
            "Ref": "AssetParameters0ce55aab7c744398205526f2e99877244d34546802bccd843c7aee165c9bfc0dS3Bucket3E1E8576",
          },
          "S3Key": Object {
            "Fn::Join": Array [
              "",
              Array [
                Object {
                  "Fn::Select": Array [
                    0,
                    Object {
                      "Fn::Split": Array [
                        "||",
                        Object {
                          "Ref": "AssetParameters0ce55aab7c744398205526f2e99877244d34546802bccd843c7aee165c9bfc0dS3VersionKey77679149",
                        },
                      ],
                    },
                  ],
                },
                Object {
                  "Fn::Select": Array [
                    1,
                    Object {
                      "Fn::Split": Array [
                        "||",
                        Object {
                          "Ref": "AssetParameters0ce55aab7c744398205526f2e99877244d34546802bccd843c7aee165c9bfc0dS3VersionKey77679149",
                        },
                      ],
                    },
                  ],
                },
              ],
            ],
          },
        },
        "Description": "SQS Regeneration Lambda for NextJS",
        "Environment": Object {
          "Variables": Object {
            "BUCKET_NAME": Object {
              "Ref": "publicassetstestedgeconstruct0CB03104",
            },
          },
        },
        "FunctionName": "regeneration-edge-lambda-test-edge-construct",
        "Handler": "index.handler",
        "Role": Object {
          "Fn::GetAtt": Array [
            "testedgeconstructregenerationedgelambdatestedgeconstructServiceRole67BD3B00",
            "Arn",
          ],
        },
        "Runtime": "nodejs14.x",
        "Timeout": 30,
      },
      "Type": "AWS::Lambda::Function",
    },
    "testedgeconstructregenerationedgelambdatestedgeconstructServiceRole67BD3B00": Object {
      "Properties": Object {
        "AssumeRolePolicyDocument": Object {
          "Statement": Array [
            Object {
              "Action": "sts:AssumeRole",
              "Effect": "Allow",
              "Principal": Object {
                "Service": "lambda.amazonaws.com",
              },
            },
          ],
          "Version": "2012-10-17",
        },
        "ManagedPolicyArns": Array [
          Object {
            "Fn::Join": Array [
              "",
              Array [
                "arn:",
                Object {
                  "Ref": "AWS::Partition",
                },
                ":iam::aws:policy/service-role/AWSLambdaBasicExecutionRole",
              ],
            ],
          },
        ],
      },
      "Type": "AWS::IAM::Role",
    },
    "testedgeconstructregenerationedgelambdatestedgeconstructServiceRoleDefaultPolicy3EEC4139": Object {
      "Properties": Object {
        "PolicyDocument": Object {
          "Statement": Array [
            Object {
              "Action": Array [
                "sqs:ReceiveMessage",
                "sqs:ChangeMessageVisibility",
                "sqs:GetQueueUrl",
                "sqs:DeleteMessage",
                "sqs:GetQueueAttributes",
              ],
              "Effect": "Allow",
              "Resource": Object {
                "Fn::GetAtt": Array [
                  "testedgeconstructregenerationedgequeuetestedgeconstruct66354220",
                  "Arn",
                ],
              },
            },
            Object {
              "Action": Array [
                "s3:GetObject*",
                "s3:GetBucket*",
                "s3:List*",
                "s3:DeleteObject*",
                "s3:PutObject*",
                "s3:Abort*",
              ],
              "Effect": "Allow",
              "Resource": Array [
                Object {
                  "Fn::GetAtt": Array [
                    "publicassetstestedgeconstruct0CB03104",
                    "Arn",
                  ],
                },
                Object {
                  "Fn::Join": Array [
                    "",
                    Array [
                      Object {
                        "Fn::GetAtt": Array [
                          "publicassetstestedgeconstruct0CB03104",
                          "Arn",
                        ],
                      },
                      "/*",
                    ],
                  ],
                },
              ],
            },
          ],
          "Version": "2012-10-17",
        },
        "PolicyName": "testedgeconstructregenerationedgelambdatestedgeconstructServiceRoleDefaultPolicy3EEC4139",
        "Roles": Array [
          Object {
            "Ref": "testedgeconstructregenerationedgelambdatestedgeconstructServiceRole67BD3B00",
          },
        ],
      },
      "Type": "AWS::IAM::Policy",
    },
    "testedgeconstructregenerationedgelambdatestedgeconstructSqsEventSourcetestedgeconstructregenerationedgequeuetestedgeconstruct5ADAF72E80283464": Object {
      "Properties": Object {
        "EventSourceArn": Object {
          "Fn::GetAtt": Array [
            "testedgeconstructregenerationedgequeuetestedgeconstruct66354220",
            "Arn",
          ],
        },
        "FunctionName": Object {
          "Ref": "testedgeconstructregenerationedgelambdatestedgeconstruct659F82FF",
        },
      },
      "Type": "AWS::Lambda::EventSourceMapping",
    },
    "testedgeconstructregenerationedgequeuetestedgeconstruct66354220": Object {
      "DeletionPolicy": "Delete",
      "Properties": Object {
        "FifoQueue": true,
        "QueueName": Object {
          "Fn::Join": Array [
            "",
            Array [
              Object {
                "Ref": "publicassetstestedgeconstruct0CB03104",
              },
              ".fifo",
            ],
          ],
        },
      },
      "Type": "AWS::SQS::Queue",
      "UpdateReplacePolicy": "Delete",
    },
  },
}
`;
